]0;~/Documents/Happy Data/Happy idiots/PredictAZ[?1034hMacBook-Pro-van-Paul:PredictAZ paul$ git status
fatal: not a git repository (or any of the parent directories): .git
]0;~/Documents/Happy Data/Happy idiots/PredictAZMacBook-Pro-van-Paul:PredictAZ paul$ git init
Initialized empty Git repository in /Users/paul/Documents/Happy Data/Happy idiots/PredictAZ/.git/
]0;~/Documents/Happy Data/Happy idiots/PredictAZMacBook-Pro-van-Paul:PredictAZ paul$ git remote add origin https://github.com/happyidiots/AZpredict.git
]0;~/Documents/Happy Data/Happy idiots/PredictAZMacBook-Pro-van-Paul:PredictAZ paul$ git add.[1P.d. .
]0;~/Documents/Happy Data/Happy idiots/PredictAZMacBook-Pro-van-Paul:PredictAZ paul$ git commit -m "First Commit"
[master (root-commit) 98e3a81] First Commit
 17 files changed, 408 insertions(+)
 create mode 100644 .Rbuildignore
 create mode 100644 .Rproj.user/FD8EAA26/console06/E573724F
 create mode 100644 .Rproj.user/FD8EAA26/console06/E573724F.env
 create mode 100644 .Rproj.user/FD8EAA26/console06/INDEX001
 create mode 100644 .Rproj.user/FD8EAA26/sources/prop/8E1B1E5E
 create mode 100644 .Rproj.user/FD8EAA26/sources/prop/INDEX
 create mode 100644 .Rproj.user/FD8EAA26/sources/s-9034D04B/86FDF356
 create mode 100644 .Rproj.user/FD8EAA26/sources/s-9034D04B/86FDF356-contents
 create mode 100644 .Rproj.user/FD8EAA26/sources/s-9034D04B/lock_file
 create mode 100644 .Rproj.user/shared/notebooks/patch-chunk-names
 create mode 100644 .gitignore
 create mode 100644 DESCRIPTION
 create mode 100644 Data/model.RData
 create mode 100644 NAMESPACE
 create mode 100644 PredictAZ.Rproj
 create mode 100644 R/Pre-rendering (1.2).R
 create mode 100644 R/Predict_next_page.R
]0;~/Documents/Happy Data/Happy idiots/PredictAZMacBook-Pro-van-Paul:PredictAZ paul$ Git push origin/master
fatal: 'origin/master' does not appear to be a git repository
fatal: Could not read from remote repository.

Please make sure you have the correct access rights
and the repository exists.
]0;~/Documents/Happy Data/Happy idiots/PredictAZMacBook-Pro-van-Paul:PredictAZ paul$ git push origin/master
fatal: 'origin/master' does not appear to be a git repository
fatal: Could not read from remote repository.

Please make sure you have the correct access rights
and the repository exists.
]0;~/Documents/Happy Data/Happy idiots/PredictAZMacBook-Pro-van-Paul:PredictAZ paul$ git stau rus   tus
On branch master
Changes not staged for commit:
  (use "git add <file>..." to update what will be committed)
  (use "git checkout -- <file>..." to discard changes in working directory)

	[31mmodified:   .Rproj.user/FD8EAA26/console06/E573724F[m

no changes added to commit (use "git add" and/or "git commit -a")
]0;~/Documents/Happy Data/Happy idiots/PredictAZMacBook-Pro-van-Paul:PredictAZ paul$ $ git config --global user.name "paullenssen"
bash: $: command not found
]0;~/Documents/Happy Data/Happy idiots/PredictAZMacBook-Pro-van-Paul:PredictAZ paul$ git config          $ git config --global user.name "paullenssen"[1P 
]0;~/Documents/Happy Data/Happy idiots/PredictAZMacBook-Pro-van-Paul:PredictAZ paul$ $ git config --global user.name "paullenssen"                                             git statuspush origin/masterGit push origin/mastergit push origin/master[12Pstatus[Kgit config --  globe al user.email "paul@happyidiots.nl"
]0;~/Documents/Happy Data/Happy idiots/PredictAZMacBook-Pro-van-Paul:PredictAZ paul$ git push
fatal: The current branch master has no upstream branch.
To push the current branch and set the remote as upstream, use

    git push --set-upstream origin master

]0;~/Documents/Happy Data/Happy idiots/PredictAZMacBook-Pro-van-Paul:PredictAZ paul$ git push origin ma   /master
fatal: 'origin/master' does not appear to be a git repository
fatal: Could not read from remote repository.

Please make sure you have the correct access rights
and the repository exists.
]0;~/Documents/Happy Data/Happy idiots/PredictAZ[?1034hMacBook-Pro-van-Paul:PredictAZ paul$ git idff    diff
[?1h=[1mdiff --git a/.Rproj.user/FD8EAA26/console06/E573724F b/.Rproj.user/FD8EAA26/console06/E573724F[m[m
[1mindex c6d92f2..dd26fa8 100644[m[m
[1m--- a/.Rproj.user/FD8EAA26/console06/E573724F[m[m
[1m+++ b/.Rproj.user/FD8EAA26/console06/E573724F[m[m
[36m@@ -4,3 +4,62 @@[m [mfatal: not a git repository (or any of the parent directories): .git[m[m
 Initialized empty Git repository in /Users/paul/Documents/Happy Data/Happy idiots/PredictAZ/.git/[m[m
 0;~/Documents/Happy Data/Happy idiots/PredictAZ[7m^G[27mMacBook-Pro-van-Paul:PredictAZ paul$ git remote add origin https://github.com/happyidiot[m s/AZpredict.git[m[m
 0;~/Documents/Happy Data/Happy idiots/PredictAZ[7m^G[27mMacBook-Pro-van-Paul:PredictAZ paul$ git add [m[m
[32m+[m[32m0;~/Documents/Happy Data/Happy idiots/PredictAZ[7m^G[27mMacBook-Pro-van-Paul:PredictAZ paul$ git commit -m "First Commit"[m[41m[7m^M[27m[m[m
[32m+[m[32m[master (root-commit) 98e3a81] First Commit[m[41m[7m^M[27m[m[m
[32m+[m[32m 17 files changed, 408 insertions(+)[m[41m[7m^M[27m[m[m
[32m+[m[32m create mode 100644 .Rbuildignore[m[41m[7m^M[27m[m[m
[32m+[m[32m create mode 100644 .Rproj.user/FD8EAA26/console06/E573724F[m[41m[7m^M[27m[m[m
[32m+[m[32m create mode 100644 .Rproj.user/FD8EAA26/console06/E573724F.env[m[41m[7m^M[27m[m[m
[32m+[m[32m create mode 100644 .Rproj.user/FD8EAA26/console06/INDEX001[m[41m[7m^M[27m[m[m
[32m+[m[32m create mode 100644 .Rproj.user/FD8EAA26/sources/prop/8E1B1E5E[m[41m[7m^M[27m[m[m
[32m+[m[32m create mode 100644 .Rproj.user/FD8EAA26/sources/prop/INDEX[m[41m[7m^M[27m[m[m
:[K[K[K:[K[K:[K[K[7mNo next tag  (press RETURN)[27m[19;1H[K[K [KESCESC[KESCESC[K:[K[K[?1l>]0;~/Documents/Happy Data/Happy idiots/PredictAZMacBook-Pro-van-Paul:PredictAZ paul$ git add -- all    all
]0;~/Documents/Happy Data/Happy idiots/PredictAZMacBook-Pro-van-Paul:PredictAZ paul$ git commit -m "fix"
[master 8dc75f6] fix
 7 files changed, 105 insertions(+), 95 deletions(-)
 rename .Rproj.user/FD8EAA26/sources/s-9034D04B/86FDF356-contents => .Rhistory (70%)
 rewrite .Rproj.user/FD8EAA26/console06/INDEX001 (100%)
 delete mode 100644 .Rproj.user/FD8EAA26/sources/s-9034D04B/86FDF356
 delete mode 100644 .Rproj.user/FD8EAA26/sources/s-9034D04B/lock_file
]0;~/Documents/Happy Data/Happy idiots/PredictAZMacBook-Pro-van-Paul:PredictAZ paul$ git push
fatal: The current branch master has no upstream branch.
To push the current branch and set the remote as upstream, use

    git push --set-upstream origin master

]0;~/Documents/Happy Data/Happy idiots/PredictAZMacBook-Pro-van-Paul:PredictAZ paul$ git push origin mast      master
Enumerating objects: 40, done.
Counting objects:   2% (1/40)   Counting objects:   5% (2/40)   Counting objects:   7% (3/40)   Counting objects:  10% (4/40)   Counting objects:  12% (5/40)   Counting objects:  15% (6/40)   Counting objects:  17% (7/40)   Counting objects:  20% (8/40)   Counting objects:  22% (9/40)   Counting objects:  25% (10/40)   Counting objects:  27% (11/40)   Counting objects:  30% (12/40)   Counting objects:  32% (13/40)   Counting objects:  35% (14/40)   Counting objects:  37% (15/40)   Counting objects:  40% (16/40)   Counting objects:  42% (17/40)   Counting objects:  45% (18/40)   Counting objects:  47% (19/40)   Counting objects:  50% (20/40)   Counting objects:  52% (21/40)   Counting objects:  55% (22/40)   Counting objects:  57% (23/40)   Counting objects:  60% (24/40)   Counting objects:  62% (25/40)   Counting objects:  65% (26/40)   Counting objects:  67% (27/40)   Counting objects:  70% (28/40)   Counting objects:  72% (29/40)   Counting objects:  75% (30/40)   Counting objects:  77% (31/40)   Counting objects:  80% (32/40)   Counting objects:  82% (33/40)   Counting objects:  85% (34/40)   Counting objects:  87% (35/40)   Counting objects:  90% (36/40)   Counting objects:  92% (37/40)   Counting objects:  95% (38/40)   Counting objects:  97% (39/40)   Counting objects: 100% (40/40)   Counting objects: 100% (40/40), done.
Delta compression using up to 4 threads
Compressing objects:   3% (1/31)   Compressing objects:   6% (2/31)   Compressing objects:   9% (3/31)   Compressing objects:  12% (4/31)   Compressing objects:  16% (5/31)   Compressing objects:  19% (6/31)   Compressing objects:  22% (7/31)   Compressing objects:  25% (8/31)   Compressing objects:  29% (9/31)   Compressing objects:  32% (10/31)   Compressing objects:  35% (11/31)   Compressing objects:  38% (12/31)   Compressing objects:  41% (13/31)   Compressing objects:  45% (14/31)   Compressing objects:  48% (15/31)   Compressing objects:  51% (16/31)   Compressing objects:  54% (17/31)   Compressing objects:  58% (18/31)   Compressing objects:  61% (19/31)   Compressing objects:  64% (20/31)   Compressing objects:  67% (21/31)   Compressing objects:  70% (22/31)   Compressing objects:  74% (23/31)   Compressing objects:  77% (24/31)   Compressing objects:  80% (25/31)   Compressing objects:  83% (26/31)   Compressing objects:  87% (27/31)   Compressing objects:  90% (28/31)   Compressing objects:  93% (29/31)   Compressing objects:  96% (30/31)   Compressing objects: 100% (31/31)   Compressing objects: 100% (31/31), done.
Writing objects:   2% (1/40)   Writing objects:   5% (2/40)   Writing objects:   7% (3/40)   Writing objects:  10% (4/40)   Writing objects:  12% (5/40)   Writing objects:  15% (6/40)   Writing objects:  17% (7/40)   Writing objects:  20% (8/40)   Writing objects:  22% (9/40)   Writing objects:  25% (10/40)   Writing objects:  27% (11/40)   Writing objects:  30% (12/40)   Writing objects:  32% (13/40)   Writing objects:  35% (14/40)   Writing objects:  37% (15/40)   Writing objects:  40% (16/40)   Writing objects:  42% (17/40)   Writing objects:  45% (18/40)   Writing objects:  47% (19/40)   Writing objects:  50% (20/40)   Writing objects:  52% (21/40)   Writing objects:  55% (22/40)   Writing objects:  57% (23/40)   Writing objects:  60% (24/40)   Writing objects:  62% (25/40)   Writing objects:  67% (27/40)   Writing objects:  70% (28/40)   Writing objects:  72% (29/40)   Writing objects:  75% (30/40)   Writing objects:  77% (31/40)   Writing objects:  80% (32/40)   Writing objects:  82% (33/40)   Writing objects:  85% (34/40)   Writing objects:  87% (35/40)   Writing objects:  90% (36/40)   Writing objects:  92% (37/40)   Writing objects:  95% (38/40)   Writing objects:  97% (39/40)   Writing objects: 100% (40/40)   Writing objects: 100% (40/40), 10.94 KiB | 207.00 KiB/s, done.
Total 40 (delta 6), reused 0 (delta 0)
remote: Resolving deltas:   0% (0/6)   [Kremote: Resolving deltas:  16% (1/6)   [Kremote: Resolving deltas:  50% (3/6)   [Kremote: Resolving deltas:  66% (4/6)   [Kremote: Resolving deltas:  83% (5/6)   [Kremote: Resolving deltas: 100% (6/6)   [Kremote: Resolving deltas: 100% (6/6), done.[K
To https://github.com/happyidiots/AZpredict.git
 * [new branch]      master -> master
]0;~/Documents/Happy Data/Happy idiots/PredictAZMacBook-Pro-van-Paul:PredictAZ paul$ git add --all
]0;~/Documents/Happy Data/Happy idiots/PredictAZMacBook-Pro-van-Paul:PredictAZ paul$ git commit "     t -m "remove fun   script"
[master 8ef3bd3] remove script
 3 files changed, 28 insertions(+), 134 deletions(-)
 delete mode 100644 R/Pre-rendering (1.2).R
]0;~/Documents/Happy Data/Happy idiots/PredictAZMacBook-Pro-van-Paul:PredictAZ paul$ git push
fatal: The current branch master has no upstream branch.
To push the current branch and set the remote as upstream, use

    git push --set-upstream origin master

]0;~/Documents/Happy Data/Happy idiots/PredictAZMacBook-Pro-van-Paul:PredictAZ paul$ git push origin/master
fatal: 'origin/master' does not appear to be a git repository
fatal: Could not read from remote repository.

Please make sure you have the correct access rights
and the repository exists.
]0;~/Documents/Happy Data/Happy idiots/PredictAZMacBook-Pro-van-Paul:PredictAZ paul$ git push origin/master        master
Enumerating objects: 15, done.
Counting objects:   6% (1/15)   Counting objects:  13% (2/15)   Counting objects:  20% (3/15)   Counting objects:  26% (4/15)   Counting objects:  33% (5/15)   Counting objects:  40% (6/15)   Counting objects:  46% (7/15)   Counting objects:  53% (8/15)   Counting objects:  60% (9/15)   Counting objects:  66% (10/15)   Counting objects:  73% (11/15)   Counting objects:  80% (12/15)   Counting objects:  86% (13/15)   Counting objects:  93% (14/15)   Counting objects: 100% (15/15)   Counting objects: 100% (15/15), done.
Delta compression using up to 4 threads
Compressing objects:  14% (1/7)   Compressing objects:  28% (2/7)   Compressing objects:  42% (3/7)   Compressing objects:  57% (4/7)   Compressing objects:  71% (5/7)   Compressing objects:  85% (6/7)   Compressing objects: 100% (7/7)   Compressing objects: 100% (7/7), done.
Writing objects:  12% (1/8)   Writing objects:  25% (2/8)   Writing objects:  37% (3/8)   Writing objects:  50% (4/8)   Writing objects:  62% (5/8)   Writing objects:  75% (6/8)   Writing objects:  87% (7/8)   Writing objects: 100% (8/8)   Writing objects: 100% (8/8), 1.70 KiB | 45.00 KiB/s, done.
Total 8 (delta 3), reused 0 (delta 0)
remote: Resolving deltas:   0% (0/3)   [Kremote: Resolving deltas:  33% (1/3)   [Kremote: Resolving deltas:  66% (2/3)   [Kremote: Resolving deltas: 100% (3/3)   [Kremote: Resolving deltas: 100% (3/3), completed with 3 local objects.[K
To https://github.com/happyidiots/AZpredict.git
   8dc75f6..8ef3bd3  master -> master
]0;~/Documents/Happy Data/Happy idiots/PredictAZ[?1034hMacBook-Pro-van-Paul:PredictAZ paul$ git add all   --all
]0;~/Documents/Happy Data/Happy idiots/PredictAZMacBook-Pro-van-Paul:PredictAZ paul$ commit - m          git commit -m "fix 2.0"
[master 192aa38] fix 2.0
 5 files changed, 38 insertions(+), 3 deletions(-)
 rewrite .Rproj.user/FD8EAA26/console06/INDEX001 (86%)
 create mode 100644 R/onLoad.R
]0;~/Documents/Happy Data/Happy idiots/PredictAZMacBook-Pro-van-Paul:PredictAZ paul$ git push origin master
Enumerating objects: 24, done.
Counting objects:   4% (1/24)   Counting objects:   8% (2/24)   Counting objects:  12% (3/24)   Counting objects:  16% (4/24)   Counting objects:  20% (5/24)   Counting objects:  25% (6/24)   Counting objects:  29% (7/24)   Counting objects:  33% (8/24)   Counting objects:  37% (9/24)   Counting objects:  41% (10/24)   Counting objects:  45% (11/24)   Counting objects:  50% (12/24)   Counting objects:  54% (13/24)   Counting objects:  58% (14/24)   Counting objects:  62% (15/24)   Counting objects:  66% (16/24)   Counting objects:  70% (17/24)   Counting objects:  75% (18/24)   Counting objects:  79% (19/24)   Counting objects:  83% (20/24)   Counting objects:  87% (21/24)   Counting objects:  91% (22/24)   Counting objects:  95% (23/24)   Counting objects: 100% (24/24)   Counting objects: 100% (24/24), done.
Delta compression using up to 4 threads
Compressing objects:   8% (1/12)   Compressing objects:  16% (2/12)   Compressing objects:  25% (3/12)   Compressing objects:  33% (4/12)   Compressing objects:  41% (5/12)   Compressing objects:  50% (6/12)   Compressing objects:  58% (7/12)   Compressing objects:  66% (8/12)   Compressing objects:  75% (9/12)   Compressing objects:  83% (10/12)   Compressing objects:  91% (11/12)   Compressing objects: 100% (12/12)   Compressing objects: 100% (12/12), done.
Writing objects:   7% (1/13)   Writing objects:  15% (2/13)   Writing objects:  23% (3/13)   Writing objects:  30% (4/13)   Writing objects:  38% (5/13)   Writing objects:  46% (6/13)   Writing objects:  53% (7/13)   Writing objects:  61% (8/13)   Writing objects:  69% (9/13)   Writing objects:  76% (10/13)   Writing objects:  84% (11/13)   Writing objects:  92% (12/13)   Writing objects: 100% (13/13)   Writing objects: 100% (13/13), 1.58 KiB | 404.00 KiB/s, done.
Total 13 (delta 5), reused 0 (delta 0)
remote: Resolving deltas:   0% (0/5)   [Kremote: Resolving deltas:  20% (1/5)   [Kremote: Resolving deltas:  40% (2/5)   [Kremote: Resolving deltas:  60% (3/5)   [Kremote: Resolving deltas:  80% (4/5)   [Kremote: Resolving deltas: 100% (5/5)   [Kremote: Resolving deltas: 100% (5/5), completed with 5 local objects.[K
To https://github.com/happyidiots/AZpredict.git
   8ef3bd3..192aa38  master -> master
]0;~/Documents/Happy Data/Happy idiots/PredictAZ[?1034hMacBook-Pro-van-Paul:PredictAZ paul$ git add --all
]0;~/Documents/Happy Data/Happy idiots/PredictAZMacBook-Pro-van-Paul:PredictAZ paul$ git commit -m "updata e data dir"
[master 8287a2b] update data dir
 3 files changed, 19 insertions(+), 3 deletions(-)
 rewrite .Rproj.user/FD8EAA26/console06/INDEX001 (86%)
]0;~/Documents/Happy Data/Happy idiots/PredictAZMacBook-Pro-van-Paul:PredictAZ paul$ git pus orig      sh origin master
Enumerating objects: 15, done.
Counting objects:   6% (1/15)   Counting objects:  13% (2/15)   Counting objects:  20% (3/15)   Counting objects:  26% (4/15)   Counting objects:  33% (5/15)   Counting objects:  40% (6/15)   Counting objects:  46% (7/15)   Counting objects:  53% (8/15)   Counting objects:  60% (9/15)   Counting objects:  66% (10/15)   Counting objects:  73% (11/15)   Counting objects:  80% (12/15)   Counting objects:  86% (13/15)   Counting objects:  93% (14/15)   Counting objects: 100% (15/15)   Counting objects: 100% (15/15), done.
Delta compression using up to 4 threads
Compressing objects:  12% (1/8)   Compressing objects:  25% (2/8)   Compressing objects:  37% (3/8)   Compressing objects:  50% (4/8)   Compressing objects:  62% (5/8)   Compressing objects:  75% (6/8)   Compressing objects:  87% (7/8)   Compressing objects: 100% (8/8)   Compressing objects: 100% (8/8), done.
Writing objects:  12% (1/8)   Writing objects:  25% (2/8)   Writing objects:  37% (3/8)   Writing objects:  50% (4/8)   Writing objects:  62% (5/8)   Writing objects:  75% (6/8)   Writing objects:  87% (7/8)   Writing objects: 100% (8/8)   Writing objects: 100% (8/8), 1.18 KiB | 606.00 KiB/s, done.
Total 8 (delta 4), reused 0 (delta 0)
remote: Resolving deltas:   0% (0/4)   [Kremote: Resolving deltas:  25% (1/4)   [Kremote: Resolving deltas:  50% (2/4)   [Kremote: Resolving deltas:  75% (3/4)   [Kremote: Resolving deltas: 100% (4/4)   [Kremote: Resolving deltas: 100% (4/4), completed with 4 local objects.[K
To https://github.com/happyidiots/AZpredict.git
   192aa38..8287a2b  master -> master
]0;~/Documents/Happy Data/Happy idiots/PredictAZMacBook-Pro-van-Paul:PredictAZ paul$ git push origin mastercommit -m "fix 2.0"[10Padd --all
]0;~/Documents/Happy Data/Happy idiots/PredictAZMacBook-Pro-van-Paul:PredictAZ paul$ git add --allpush origin mastercommit -m "fix 2.0"        readme updata e"
[master a579920] readme update
 4 files changed, 21 insertions(+), 5 deletions(-)
]0;~/Documents/Happy Data/Happy idiots/PredictAZMacBook-Pro-van-Paul:PredictAZ paul$ git commit -m "readme update"[16Padd --allpush origin master
Enumerating objects: 21, done.
Counting objects:   4% (1/21)   Counting objects:   9% (2/21)   Counting objects:  14% (3/21)   Counting objects:  19% (4/21)   Counting objects:  23% (5/21)   Counting objects:  28% (6/21)   Counting objects:  33% (7/21)   Counting objects:  38% (8/21)   Counting objects:  42% (9/21)   Counting objects:  47% (10/21)   Counting objects:  52% (11/21)   Counting objects:  57% (12/21)   Counting objects:  61% (13/21)   Counting objects:  66% (14/21)   Counting objects:  71% (15/21)   Counting objects:  76% (16/21)   Counting objects:  80% (17/21)   Counting objects:  85% (18/21)   Counting objects:  90% (19/21)   Counting objects:  95% (20/21)   Counting objects: 100% (21/21)   Counting objects: 100% (21/21), done.
Delta compression using up to 4 threads
Compressing objects:  10% (1/10)   Compressing objects:  20% (2/10)   Compressing objects:  30% (3/10)   Compressing objects:  40% (4/10)   Compressing objects:  50% (5/10)   Compressing objects:  60% (6/10)   Compressing objects:  70% (7/10)   Compressing objects:  80% (8/10)   Compressing objects:  90% (9/10)   Compressing objects: 100% (10/10)   Compressing objects: 100% (10/10), done.
Writing objects:   9% (1/11)   Writing objects:  18% (2/11)   Writing objects:  27% (3/11)   Writing objects:  36% (4/11)   Writing objects:  45% (5/11)   Writing objects:  54% (6/11)   Writing objects:  63% (7/11)   Writing objects:  72% (8/11)   Writing objects:  81% (9/11)   Writing objects:  90% (10/11)   Writing objects: 100% (11/11)   Writing objects: 100% (11/11), 1.15 KiB | 24.00 KiB/s, done.
Total 11 (delta 5), reused 0 (delta 0)
remote: Resolving deltas:   0% (0/5)   [Kremote: Resolving deltas:  20% (1/5)   [Kremote: Resolving deltas:  40% (2/5)   [Kremote: Resolving deltas:  60% (3/5)   [Kremote: Resolving deltas:  80% (4/5)   [Kremote: Resolving deltas: 100% (5/5)   [Kremote: Resolving deltas: 100% (5/5), completed with 5 local objects.[K
To https://github.com/happyidiots/AZpredict.git
   8287a2b..a579920  master -> master
]0;~/Documents/Happy Data/Happy idiots/PredictAZMacBook-Pro-van-Paul:PredictAZ paul$ ls la  -la
total 64
drwxr-xr-x  14 paul  staff   448 Jun 20 14:52 .
drwxr-xr-x  16 paul  staff   512 Jun 20 13:59 ..
-rw-r--r--   1 paul  staff    43 Jun 20 13:47 .Rbuildignore
-rw-r--r--   1 paul  staff  3312 Jun 20 14:15 .Rhistory
drwxr-xr-x   4 paul  staff   128 Jun 20 13:46 .Rproj.user
drwxr-xr-x  13 paul  staff   416 Jun 20 14:56 .git
-rw-r--r--   1 paul  staff    24 Jun 20 14:00 .gitignore
-rw-------   1 paul  staff  4738 Jun 20 13:47 .httr-oauth
-rw-r--r--   1 paul  staff   371 Jun 20 14:56 DESCRIPTION
-rw-r--r--   1 paul  staff    31 Jun 20 13:46 NAMESPACE
-rw-r--r--@  1 paul  staff   356 Jun 20 14:44 PredictAZ.Rproj
drwxr-xr-x   4 paul  staff   128 Jun 20 14:35 R
drwxr-xr-x   3 paul  staff    96 Jun 20 13:47 data
drwxr-xr-x   2 paul  staff    64 Jun 20 13:46 man
]0;~/Documents/Happy Data/Happy idiots/PredictAZMacBook-Pro-van-Paul:PredictAZ paul$ git mv Data data
fatal: renaming 'Data' failed: Invalid argument
]0;~/Documents/Happy Data/Happy idiots/PredictAZMacBook-Pro-van-Paul:PredictAZ paul$ git mv Data data
fatal: renaming 'Data' failed: Invalid argument
]0;~/Documents/Happy Data/Happy idiots/PredictAZMacBook-Pro-van-Paul:PredictAZ paul$ git mv Data dataa[2@/aaa[1P data
fatal: renaming 'Data' failed: Invalid argument
]0;~/Documents/Happy Data/Happy idiots/PredictAZMacBook-Pro-van-Paul:PredictAZ paul$ git add --all
